// Jest Snapshot v1, https://goo.gl/fbAQLP

exports[`Start page tests Matches snapshot 1`] = `
<div
  className="gameboard-container"
  data-testid="gameboard"
>
  <h2 />
</div>
`;
